E:\Users\Dell\IdeaProjects\BankingTest\BankingTest\src\main\java\com\mycompany\bankingtest\DEPOSIT_UI.java
E:\Users\Dell\IdeaProjects\BankingTest\BankingTest\src\main\java\com\mycompany\bankingtest\UserAccount.java
E:\Users\Dell\IdeaProjects\BankingTest\BankingTest\src\main\java\com\mycompany\bankingtest\TRANSFER_UI.java
E:\Users\Dell\IdeaProjects\BankingTest\BankingTest\src\main\java\com\mycompany\bankingtest\About.java
E:\Users\Dell\IdeaProjects\BankingTest\BankingTest\src\main\java\com\mycompany\bankingtest\ADDACCOUNT_UI.java
E:\Users\Dell\IdeaProjects\BankingTest\BankingTest\src\main\java\com\mycompany\bankingtest\ENQUEUE_UI.java
E:\Users\Dell\IdeaProjects\BankingTest\BankingTest\src\main\java\com\mycompany\bankingtest\WITHDRAW_UI.java
E:\Users\Dell\IdeaProjects\BankingTest\BankingTest\src\main\java\com\mycompany\bankingtest\TRANSACTION_UI.java
E:\Users\Dell\IdeaProjects\BankingTest\BankingTest\src\main\java\com\mycompany\bankingtest\LOGIN_UI.java
E:\Users\Dell\IdeaProjects\BankingTest\BankingTest\src\main\java\com\mycompany\bankingtest\ABOUT_UI.java
E:\Users\Dell\IdeaProjects\BankingTest\BankingTest\src\main\java\com\mycompany\bankingtest\BankingTest.java
E:\Users\Dell\IdeaProjects\BankingTest\BankingTest\src\main\java\com\mycompany\bankingtest\MENU_UI.java
