E:\Users\Dell\IdeaProjects\BankingTest\BankingTest\src\test\java\com\mycompany\bankingtest\QueueTest.java
E:\Users\Dell\IdeaProjects\BankingTest\BankingTest\src\test\java\com\mycompany\bankingtest\NodeTest.java
E:\Users\Dell\IdeaProjects\BankingTest\BankingTest\src\test\java\com\mycompany\bankingtestsuites\TestSuite3.java
E:\Users\Dell\IdeaProjects\BankingTest\BankingTest\src\test\java\com\mycompany\bankingtestsuites\TestSuite4.java
E:\Users\Dell\IdeaProjects\BankingTest\BankingTest\src\test\java\com\mycompany\bankingtestsuites\TestSuite1.java
E:\Users\Dell\IdeaProjects\BankingTest\BankingTest\src\test\java\com\mycompany\bankingtest\displayAccountTest.java
E:\Users\Dell\IdeaProjects\BankingTest\BankingTest\src\test\java\com\mycompany\bankingtestsuites\TestSuite2.java
E:\Users\Dell\IdeaProjects\BankingTest\BankingTest\src\test\java\com\mycompany\bankingtest\transferTransactionTest.java
E:\Users\Dell\IdeaProjects\BankingTest\BankingTest\src\test\java\com\mycompany\bankingtest\fileLoadTest.java
E:\Users\Dell\IdeaProjects\BankingTest\BankingTest\src\test\java\com\mycompany\bankingtest\withdrawTransactionTest.java
E:\Users\Dell\IdeaProjects\BankingTest\BankingTest\src\test\java\com\mycompany\bankingtest\depositTransactionTest.java
E:\Users\Dell\IdeaProjects\BankingTest\BankingTest\src\test\java\BankTest.java
E:\Users\Dell\IdeaProjects\BankingTest\BankingTest\src\test\java\com\mycompany\bankingtest\UserAccountTest.java
